Loading file: C:\ProgramData\Virinco\pyWATS\instances\default\WSJF\Error\1004est-295_FATPartNo_Rev1_2026-02-12_12-48-04.json
File loaded. Report ID: 12bddc0b-7943-4ad8-a5f2-f85db39e2ae6

Parsing as Pydantic model...
python : Traceback (most recent call last):
At line:1 char:1
+ python test_debug_loop.py > test_output.txt 2>&1; Get-Content test_ou ...
+ ~~~~~~~~~~~~~~~~~~~~~~~~~~~~~~~~~~~~~~~~~~~~~~~~
    + CategoryInfo          : NotSpecified: (Traceback (most recent call last) 
   ::String) [], RemoteException
    + FullyQualifiedErrorId : NativeCommandError
 
  File "C:\Users\ola.lund.reppe\Source\PythonAPI 
(pyWATS)\pyWATS\test_debug_loop.py", line 23, in test_file
    print(f"\u2713 Pydantic validation passed")
    ~~~~~^^^^^^^^^^^^^^^^^^^^^^^^^^^^^^^^^
  File "C:\Users\ola.lund.reppe\AppData\Local\Python\pythoncore-3.14-64\Lib\enc
odings\cp1252.py", line 19, in encode
    return codecs.charmap_encode(input,self.errors,encoding_table)[0]
           ~~~~~~~~~~~~~~~~~~~~~^^^^^^^^^^^^^^^^^^^^^^^^^^^^^^^^^^
UnicodeEncodeError: 'charmap' codec can't encode character '\u2713' in 
position 0: character maps to <undefined>

During handling of the above exception, another exception occurred:

Traceback (most recent call last):
  File "C:\Users\ola.lund.reppe\Source\PythonAPI 
(pyWATS)\pyWATS\test_debug_loop.py", line 45, in <module>
    asyncio.run(test_file())
    ~~~~~~~~~~~^^^^^^^^^^^^^
  File "C:\Users\ola.lund.reppe\AppData\Local\Python\pythoncore-3.14-64\Lib\asy
ncio\runners.py", line 204, in run
    return runner.run(main)
           ~~~~~~~~~~^^^^^^
  File "C:\Users\ola.lund.reppe\AppData\Local\Python\pythoncore-3.14-64\Lib\asy
ncio\runners.py", line 127, in run
    return self._loop.run_until_complete(task)
           ~~~~~~~~~~~~~~~~~~~~~~~~~~~~~^^^^^^
  File "C:\Users\ola.lund.reppe\AppData\Local\Python\pythoncore-3.14-64\Lib\asy
ncio\base_events.py", line 719, in run_until_complete
    return future.result()
           ~~~~~~~~~~~~~^^
  File "C:\Users\ola.lund.reppe\Source\PythonAPI 
(pyWATS)\pyWATS\test_debug_loop.py", line 25, in test_file
    print(f"\u2717 Pydantic validation failed: {e}")
    ~~~~~^^^^^^^^^^^^^^^^^^^^^^^^^^^^^^^^^^^^^^
  File "C:\Users\ola.lund.reppe\AppData\Local\Python\pythoncore-3.14-64\Lib\enc
odings\cp1252.py", line 19, in encode
    return codecs.charmap_encode(input,self.errors,encoding_table)[0]
           ~~~~~~~~~~~~~~~~~~~~~^^^^^^^^^^^^^^^^^^^^^^^^^^^^^^^^^^
UnicodeEncodeError: 'charmap' codec can't encode character '\u2717' in 
position 0: character maps to <undefined>
